// Jest Snapshot v1, https://goo.gl/fbAQLP

exports[`Form renders correctly 1`] = `
<div>
  <form
    class="form"
  >
    <div
      class="form__item"
    >
      <label
        for="name"
      >
        Name:
      </label>
      <input
        id="name"
        name="name"
        type="text"
      />
    </div>
    <div
      class="form__item"
    >
      <label
        for="surname"
      >
        SurName:
      </label>
      <input
        id="surname"
        name="surname"
        type="text"
      />
    </div>
    <div
      class="form__item"
    >
      <label
        for="dob"
      >
        Date of birth:
      </label>
      <input
        id="dob"
        name="dob"
        type="date"
      />
    </div>
    <div
      class="form__item"
    >
      <label
        for="country"
      >
        Country:
      </label>
      <select
        id="country"
        name="country"
      >
        <option
          value="Russia"
        >
          Russia
        </option>
        <option
          value="USA"
        >
          USA
        </option>
        <option
          value="UK"
        >
          UK
        </option>
      </select>
    </div>
    <div
      class="form__item"
    >
      <label>
        Выберите пол:
      </label>
      <div>
        <input
          id="male"
          name="gender"
          type="radio"
          value="male"
        />
        <label
          for="male"
        >
          Male
        </label>
      </div>
      <div>
        <input
          id="female"
          name="gender"
          type="radio"
          value="female"
        />
        <label
          for="female"
        >
          Female
        </label>
      </div>
    </div>
    <div
      class="form__item"
    >
      <label
        for="file"
      >
        Загрузите файл:
      </label>
      <input
        id="file"
        name="file"
        type="file"
      />
    </div>
    <div
      class="form__item"
    >
      <label
        for="agree"
      >
        Aggre
      </label>
      <input
        id="agree"
        name="agree"
        type="checkbox"
      />
    </div>
    <button
      data-testid="submit-button"
      type="submit"
    >
      Submit
    </button>
  </form>
  <div
    class="cards"
  />
</div>
`;
